SQL> 
SQL> DROP TABLE exam_House CASCADE CONSTRAINT;

Table dropped.

SQL> DROP TABLE exam_Room CASCADE CONSTRAINT;
DROP TABLE exam_Room CASCADE CONSTRAINT
           *
ERROR at line 1:
ORA-00942: table or view does not exist 


SQL> DROP TABLE exam_Furniture CASCADE CONSTRAINT;
DROP TABLE exam_Furniture CASCADE CONSTRAINT
           *
ERROR at line 1:
ORA-00942: table or view does not exist 


SQL> 
SQL> CREATE TABLE exam_House (
  2      home_Number VARCHAR2 (10),
  3      owner_Name VARCHAR2 (10) NOT NULL,
  4      street VARCHAR2 (50) NOT NULL,
  5      city VARCHAR2 (50) NOT NULL,
  6      prov CHAR (2) NOT NULL,
  7      postal_Code CHAR (6) NOT NULL ,
  8      CONSTRAINT SYS_House_PK PRIMARY KEY (home_Number),
  9      CONSTRAINT SYS_House_Ck CHECK (prov in ('AB', 'BC', 'SK')),
 10      CONSTRAINT SYS_House_postal_Code_CK CHECK (postal_Code in ('[A-Z][0-9][A-Z][0-9][A-Z][0-9]'))
 11  );

Table created.

SQL> 
SQL> CREATE TABLE exam_Room (
  2      room_Name VARCHAR2 (20),
  3      home_Number VARCHAR2 (10) NOT NULL,
  4      wall_Colour CHAR (10) NOT NULL,
  5      CONSTRAINT SYS_Room_PK PRIMARY KEY (room_Name),
  6      CONSTRAINT SYS_House_Room_FK FOREIGN KEY (home_Number) REFERENCES exam_House(home_Number)
  7  );

Table created.

SQL> 
SQL> CREATE TABLE exam_Furniture (
  2      furniture_Name VARCHAR2 (20),
  3      room_Name VARCHAR2 (20) NOT NULL,
  4      price_Paid NUMBER (5,2),
  5      Current_value NUMBER (5,2) NOT NULL,
  6      Height NUMBER (1,2) NOT NUll,
  7      Width NUMBER (1,2) NOT NULL,
  8      Depth NUMBER (1,2) NOT NULL,
  9      CONSTRAINT SYS_Furniture_PK PRIMARY KEY (furniture_Name),
 10      CONSTRAINT SYS_Room_Furniture_FK FOREIGN KEY (room_Name) REFERENCES exam_Room(room_Name),
 11      CONSTRAINT SYS_Furniture_CK CHECK(price_Paid <= 99999.99),
 12      CONSTRAINT SYS_Furniture_current_Value_CK CHECK(Current_value <= 99999.99),
 13      CONSTRAINT SYS_Furniture_Height_CK CHECK(Height >= 0),
 14      CONSTRAINT SYS_Furniture_Width_CK CHECK(Width >= 0),
 15      CONSTRAINT SYS_Furniture_Depth_CK CHECK(Depth >= 0)
 16  );

Table created.

SQL> 
SQL> ALTER TABLE exam_Furniture
  2  ADD (purchase_Price NUMBER (7,2));

Table altered.

SQL> 
SQL> ALTER TABLE exam_Furniture
  2  ADD CONSTRAINT SYS_Furniture_purcahse_Price_CK CHECK (purchase_Price <= 9999999.99);

Table altered.

SQL> 
SQL> ALTER TABLE exam_Furniture
  2  ADD (date_Purchase DATE);

Table altered.

SQL> 
SQL> ALTER TABLE exam_Furniture
  2  MODIFY price_Paid NUMBER (5,2) NOT NULL;

Table altered.

SQL> 
SQL> spool off
